{
 "$defs": {
  "global": {
   "properties": {
    "global": {
     "$schema": "https://json-schema.org/draft/2020-12/schema",
     "allOf": [
      {
       "$schema": "https://json-schema.org/draft/2020-12/schema",
       "description": "global values",
       "properties": {
        "globalFromRoot": {
         "default": "hi",
         "description": "global values",
         "type": "string"
        }
       },
       "type": "object"
      },
      {
       "$schema": "https://json-schema.org/draft/2020-12/schema",
       "description": "global values",
       "properties": {
        "globalFromOnceNested": {
         "default": true,
         "description": "global values",
         "type": "boolean"
        }
       },
       "type": "object"
      }
     ],
     "type": "object"
    }
   }
  },
  "nestedDependenciesExample": {
   "$id": "nestedDependenciesExample",
   "$schema": "https://json-schema.org/draft/2020-12/schema",
   "allOf": [
    {
     "$schema": "https://json-schema.org/draft/2020-12/schema",
     "description": "nestedDependenciesExample values from the file values.yaml",
     "properties": {
      "fromRoot": {
       "default": "one",
       "description": "nestedDependenciesExample values from the file values.yaml",
       "type": "string"
      },
      "onceNested": {
       "description": "nestedDependenciesExample values from the file values.yaml",
       "properties": {
        "fromRootForOnceNested": {
         "default": true,
         "type": "boolean"
        },
        "twiceNested": {
         "properties": {
          "fromRootForTwiceNested": {
           "default": true,
           "type": "boolean"
          }
         },
         "type": "object"
        }
       },
       "type": "object"
      },
      "onlyInRoot": {
       "default": true,
       "description": "nestedDependenciesExample values from the file values.yaml",
       "type": "boolean"
      },
      "replicaCount": {
       "default": 1,
       "description": "nestedDependenciesExample values from the file values.yaml",
       "type": "number"
      }
     },
     "type": "object"
    }
   ],
   "type": "object"
  },
  "onceNested": {
   "$id": "onceNested",
   "$schema": "https://json-schema.org/draft/2020-12/schema",
   "allOf": [
    {
     "$schema": "https://json-schema.org/draft/2020-12/schema",
     "description": "onceNested values from the file values.yaml",
     "properties": {
      "fromOnceNested": {
       "default": true,
       "description": "onceNested values from the file values.yaml",
       "type": "boolean"
      },
      "replicaCount": {
       "default": 1,
       "description": "onceNested values from the file values.yaml",
       "type": "number"
      },
      "twiceNested": {
       "description": "onceNested values from the file values.yaml",
       "properties": {
        "fromOnceNestedForTwiceNested": {
         "default": true,
         "type": "boolean"
        },
        "replicaCount": {
         "default": 1,
         "type": "number"
        }
       },
       "type": "object"
      }
     },
     "type": "object"
    }
   ],
   "type": "object"
  },
  "twiceNested": {
   "$id": "twiceNested",
   "$schema": "https://json-schema.org/draft/2020-12/schema",
   "allOf": [
    {
     "$schema": "https://json-schema.org/draft/2020-12/schema",
     "description": "twiceNested values from the file values.yaml",
     "properties": {
      "fromTwiceNested": {
       "default": "hi",
       "description": "twiceNested values from the file values.yaml",
       "type": "string"
      },
      "onlyInTwiceNested": {
       "default": "hi",
       "description": "twiceNested values from the file values.yaml",
       "type": "string"
      },
      "replicaCount": {
       "default": 1,
       "description": "twiceNested values from the file values.yaml",
       "type": "number"
      }
     },
     "type": "object"
    }
   ],
   "type": "object"
  }
 },
 "$schema": "https://json-schema.org/draft/2020-12/schema",
 "allOf": [
  {
   "$ref": "#/$defs/nestedDependenciesExample"
  },
  {
   "properties": {
    "onceNested": {
     "$ref": "#/$defs/onceNested"
    }
   }
  },
  {
   "properties": {
    "onceNested": {
     "properties": {
      "twiceNested": {
       "$ref": "#/$defs/twiceNested"
      }
     }
    }
   }
  },
  {
   "$ref": "#/$defs/global"
  }
 ],
 "type": "object"
}