{
 "$defs": {
  "common": {
   "$id": "common",
   "$schema": "https://json-schema.org/draft/2020-12/schema",
   "allOf": [
    {
     "$schema": "https://json-schema.org/draft/2020-12/schema",
     "description": "common values from the file values.yaml",
     "properties": {
      "exampleValue": {
       "default": "common-chart",
       "description": "common values from the file values.yaml",
       "type": "string"
      }
     },
     "type": "object"
    }
   ],
   "type": "object"
  },
  "dependeciesExample": {
   "$id": "dependeciesExample",
   "$schema": "https://json-schema.org/draft/2020-12/schema",
   "allOf": [
    {
     "$schema": "https://json-schema.org/draft/2020-12/schema",
     "description": "dependeciesExample values from the file values.yaml",
     "properties": {
      "affinity": {
       "description": "dependeciesExample values from the file values.yaml",
       "type": "object"
      },
      "autoscaling": {
       "description": "dependeciesExample values from the file values.yaml",
       "properties": {
        "enabled": {
         "default": false,
         "type": "boolean"
        },
        "maxReplicas": {
         "default": 100,
         "type": "number"
        },
        "minReplicas": {
         "default": 1,
         "type": "number"
        },
        "targetCPUUtilizationPercentage": {
         "default": 80,
         "type": "number"
        }
       },
       "type": "object"
      },
      "fullnameOverride": {
       "default": "",
       "description": "dependeciesExample values from the file values.yaml",
       "type": "string"
      },
      "image": {
       "description": "dependeciesExample values from the file values.yaml",
       "properties": {
        "pullPolicy": {
         "default": "IfNotPresent",
         "type": "string"
        },
        "repository": {
         "default": "nginx",
         "type": "string"
        },
        "tag": {
         "default": "",
         "type": "string"
        }
       },
       "type": "object"
      },
      "imagePullSecrets": {
       "description": "dependeciesExample values from the file values.yaml",
       "items": {
        "type": "null"
       },
       "type": "array"
      },
      "ingress": {
       "description": "dependeciesExample values from the file values.yaml",
       "properties": {
        "annotations": {
         "type": "object"
        },
        "className": {
         "default": "",
         "type": "string"
        },
        "enabled": {
         "default": false,
         "type": "boolean"
        },
        "hosts": {
         "items": {
          "properties": {
           "host": {
            "default": "chart-example.local",
            "type": "string"
           },
           "paths": {
            "items": {
             "properties": {
              "path": {
               "default": "/",
               "type": "string"
              },
              "pathType": {
               "default": "ImplementationSpecific",
               "type": "string"
              }
             },
             "type": "object"
            },
            "type": "array"
           }
          },
          "type": "object"
         },
         "type": "array"
        },
        "tls": {
         "items": {
          "type": "null"
         },
         "type": "array"
        }
       },
       "type": "object"
      },
      "livenessProbe": {
       "description": "dependeciesExample values from the file values.yaml",
       "properties": {
        "httpGet": {
         "properties": {
          "path": {
           "default": "/",
           "type": "string"
          },
          "port": {
           "default": "http",
           "type": "string"
          }
         },
         "type": "object"
        }
       },
       "type": "object"
      },
      "nameOverride": {
       "default": "",
       "description": "dependeciesExample values from the file values.yaml",
       "type": "string"
      },
      "nodeSelector": {
       "description": "dependeciesExample values from the file values.yaml",
       "type": "object"
      },
      "podAnnotations": {
       "description": "dependeciesExample values from the file values.yaml",
       "type": "object"
      },
      "podLabels": {
       "description": "dependeciesExample values from the file values.yaml",
       "type": "object"
      },
      "podSecurityContext": {
       "description": "dependeciesExample values from the file values.yaml",
       "type": "object"
      },
      "readinessProbe": {
       "description": "dependeciesExample values from the file values.yaml",
       "properties": {
        "httpGet": {
         "properties": {
          "path": {
           "default": "/",
           "type": "string"
          },
          "port": {
           "default": "http",
           "type": "string"
          }
         },
         "type": "object"
        }
       },
       "type": "object"
      },
      "replicaCount": {
       "default": 1,
       "description": "dependeciesExample values from the file values.yaml",
       "type": "number"
      },
      "resources": {
       "description": "dependeciesExample values from the file values.yaml",
       "type": "object"
      },
      "securityContext": {
       "description": "dependeciesExample values from the file values.yaml",
       "type": "object"
      },
      "service": {
       "description": "dependeciesExample values from the file values.yaml",
       "properties": {
        "port": {
         "default": 80,
         "type": "number"
        },
        "type": {
         "default": "ClusterIP",
         "type": "string"
        }
       },
       "type": "object"
      },
      "serviceAccount": {
       "description": "dependeciesExample values from the file values.yaml",
       "properties": {
        "annotations": {
         "type": "object"
        },
        "automount": {
         "default": true,
         "type": "boolean"
        },
        "create": {
         "default": true,
         "type": "boolean"
        },
        "name": {
         "default": "",
         "type": "string"
        }
       },
       "type": "object"
      },
      "subchartWithoutGlobal": {
       "default": "works",
       "description": "dependeciesExample values from the file values.yaml",
       "type": "string"
      },
      "subchartexample": {
       "description": "dependeciesExample values from the file values.yaml",
       "properties": {
        "fromParent": {
         "default": true,
         "type": "boolean"
        },
        "subchartWithoutGlobal": {
         "default": "worksToo",
         "type": "string"
        }
       },
       "type": "object"
      },
      "tolerations": {
       "description": "dependeciesExample values from the file values.yaml",
       "items": {
        "type": "null"
       },
       "type": "array"
      },
      "volumeMounts": {
       "description": "dependeciesExample values from the file values.yaml",
       "items": {
        "type": "null"
       },
       "type": "array"
      },
      "volumes": {
       "description": "dependeciesExample values from the file values.yaml",
       "items": {
        "type": "null"
       },
       "type": "array"
      }
     },
     "type": "object"
    },
    {
     "$schema": "https://json-schema.org/draft/2020-12/schema",
     "description": "dependeciesExample values from the file values.a.yaml",
     "properties": {
      "fromTheFileA": {
       "default": "hallo",
       "description": "dependeciesExample values from the file values.a.yaml",
       "type": "string"
      },
      "image": {
       "description": "dependeciesExample values from the file values.a.yaml",
       "properties": {
        "tag": {
         "default": "hallo",
         "type": "string"
        }
       },
       "type": "object"
      },
      "replicaCount": {
       "default": 5,
       "description": "dependeciesExample values from the file values.a.yaml",
       "type": "number"
      }
     },
     "type": "object"
    },
    {
     "$schema": "https://json-schema.org/draft/2020-12/schema",
     "description": "dependeciesExample values from the file values.b.yaml",
     "properties": {
      "fromTheFileB": {
       "default": "hi",
       "description": "dependeciesExample values from the file values.b.yaml",
       "type": "string"
      },
      "fromThefileA": {
       "description": "dependeciesExample values from the file values.b.yaml",
       "type": "null"
      },
      "image": {
       "description": "dependeciesExample values from the file values.b.yaml",
       "type": "null"
      },
      "ingress": {
       "description": "dependeciesExample values from the file values.b.yaml",
       "properties": {
        "hosts": {
         "items": {
          "properties": {
           "host": {
            "default": "hdsa",
            "type": "string"
           },
           "paths": {
            "items": {
             "properties": {
              "path": {
               "default": "hallo",
               "type": "string"
              },
              "pathType": {
               "type": "null"
              }
             },
             "type": "object"
            },
            "type": "array"
           }
          },
          "type": "object"
         },
         "type": "array"
        },
        "wrong": {
         "default": "this",
         "type": "string"
        }
       },
       "type": "object"
      },
      "replicaCount": {
       "default": 1,
       "description": "dependeciesExample values from the file values.b.yaml",
       "type": "number"
      }
     },
     "type": "object"
    },
    {
     "$schema": "https://json-schema.org/draft/2020-12/schema",
     "description": "dependeciesExample values from the file values.prod.yaml",
     "properties": {
      "affinity": {
       "description": "dependeciesExample values from the file values.prod.yaml",
       "type": "object"
      }
     },
     "type": "object"
    }
   ],
   "type": "object"
  },
  "global": {
   "properties": {
    "global": {
     "$schema": "https://json-schema.org/draft/2020-12/schema",
     "allOf": [
      {
       "$schema": "https://json-schema.org/draft/2020-12/schema",
       "description": "global values",
       "properties": {
        "subchart": {
         "default": "works",
         "description": "global values",
         "type": "string"
        }
       },
       "type": "object"
      },
      {
       "$schema": "https://json-schema.org/draft/2020-12/schema",
       "description": "global values",
       "properties": {
        "globalFromFileA": {
         "default": "hi",
         "description": "global values",
         "type": "string"
        }
       },
       "type": "object"
      },
      {
       "$schema": "https://json-schema.org/draft/2020-12/schema",
       "description": "global values",
       "properties": {
        "globalFromSubchart": {
         "default": "works",
         "description": "global values",
         "type": "string"
        },
        "subchart": {
         "default": "works",
         "description": "global values",
         "type": "string"
        }
       },
       "type": "object"
      }
     ],
     "type": "object"
    }
   }
  },
  "subchartexample": {
   "$id": "subchartexample",
   "$schema": "https://json-schema.org/draft/2020-12/schema",
   "allOf": [
    {
     "$schema": "https://json-schema.org/draft/2020-12/schema",
     "description": "subchartexample values from the file values.yaml",
     "properties": {
      "onlyInSubchartValues": {
       "default": "hi",
       "description": "subchartexample values from the file values.yaml",
       "type": "string"
      },
      "subchartWithoutGlobal": {
       "default": "works",
       "description": "subchartexample values from the file values.yaml",
       "type": "string"
      }
     },
     "type": "object"
    }
   ],
   "type": "object"
  }
 },
 "$schema": "https://json-schema.org/draft/2020-12/schema",
 "allOf": [
  {
   "$ref": "#/$defs/dependeciesExample"
  },
  {
   "properties": {
    "common": {
     "$ref": "#/$defs/common"
    }
   }
  },
  {
   "properties": {
    "subchartexample": {
     "$ref": "#/$defs/subchartexample"
    }
   }
  },
  {
   "$ref": "#/$defs/global"
  }
 ],
 "type": "object"
}