{
 "$defs": {
  "global": {
   "allOf": [
    {
     "$schema": "https://json-schema.org/draft/2020-12/schema",
     "description": "global values from the file values.yaml",
     "properties": {
      "globalFromOnceNested": {
       "default": true,
       "description": "global values from the file values.yaml",
       "type": "boolean"
      }
     },
     "type": "object"
    }
   ]
  },
  "onceNested": {
   "allOf": [
    {
     "$schema": "https://json-schema.org/draft/2020-12/schema",
     "description": "onceNested values from the file values.yaml",
     "properties": {
      "fromOnceNested": {
       "default": true,
       "description": "onceNested values from the file values.yaml",
       "type": "boolean"
      },
      "replicaCount": {
       "default": 1,
       "description": "onceNested values from the file values.yaml",
       "type": "number"
      },
      "twiceNested": {
       "description": "onceNested values from the file values.yaml",
       "properties": {
        "fromOnceNestedForTwiceNested": {
         "default": true,
         "description": "onceNested values from the file values.yaml",
         "type": "boolean"
        },
        "replicaCount": {
         "default": 1,
         "description": "onceNested values from the file values.yaml",
         "type": "number"
        }
       },
       "type": "object"
      }
     },
     "type": "object"
    },
    {
     "$schema": "https://json-schema.org/draft/2020-12/schema",
     "description": "onceNested values from the file values.b.yaml",
     "type": "object"
    }
   ]
  }
 },
 "$schema": "https://json-schema.org/draft/2020-12/schema",
 "allOf": [
  {
   "$ref": "#/$defs/onceNested"
  },
  {
   "properties": {
    "twiceNested": {
     "$ref": "file:///twiceNested#/$defs/twiceNested"
    }
   }
  },
  {
   "$ref": "file:///nestedDependenciesExample#/$defs/nestedDependenciesExample/allOf/0/properties/onceNested"
  },
  {
   "properties": {
    "global": {
     "$ref": "file:///nestedDependenciesExample#/$defs/global"
    }
   }
  },
  {
   "properties": {
    "global": {
     "$ref": "#/$defs/global"
    }
   }
  }
 ],
 "type": "object"
}