{
 "$defs": {
  "dependenciesExample": {
   "allOf": [
    {
     "$schema": "https://json-schema.org/draft/2020-12/schema",
     "description": "\nJSON schema generated by helm-ls for the chart dependenciesExample using values from the file values.yaml",
     "properties": {
      "affinity": {
       "description": "\nJSON schema generated by helm-ls for the chart dependenciesExample using values from the file values.yaml",
       "type": ["object"]
      },
      "autoscaling": {
       "description": "\nJSON schema generated by helm-ls for the chart dependenciesExample using values from the file values.yaml",
       "properties": {
        "enabled": {
         "default": false,
         "description": "\nJSON schema generated by helm-ls for the chart dependenciesExample using values from the file values.yaml",
         "type": ["boolean"]
        },
        "maxReplicas": {
         "default": 100,
         "description": "\nJSON schema generated by helm-ls for the chart dependenciesExample using values from the file values.yaml",
         "type": ["number"]
        },
        "minReplicas": {
         "default": 1,
         "description": "\nJSON schema generated by helm-ls for the chart dependenciesExample using values from the file values.yaml",
         "type": ["number"]
        },
        "targetCPUUtilizationPercentage": {
         "default": 80,
         "description": "\nJSON schema generated by helm-ls for the chart dependenciesExample using values from the file values.yaml",
         "type": ["number"]
        }
       },
       "type": ["object"]
      },
      "fullnameOverride": {
       "default": "",
       "description": "\nJSON schema generated by helm-ls for the chart dependenciesExample using values from the file values.yaml",
       "type": ["string"]
      },
      "image": {
       "description": "\nJSON schema generated by helm-ls for the chart dependenciesExample using values from the file values.yaml",
       "properties": {
        "pullPolicy": {
         "default": "IfNotPresent",
         "description": "\nJSON schema generated by helm-ls for the chart dependenciesExample using values from the file values.yaml",
         "type": ["string"]
        },
        "repository": {
         "default": "nginx",
         "description": "\nJSON schema generated by helm-ls for the chart dependenciesExample using values from the file values.yaml",
         "type": ["string"]
        },
        "tag": {
         "default": "",
         "description": "\nJSON schema generated by helm-ls for the chart dependenciesExample using values from the file values.yaml",
         "type": ["string"]
        }
       },
       "type": ["object"]
      },
      "imagePullSecrets": {
       "description": "\nJSON schema generated by helm-ls for the chart dependenciesExample using values from the file values.yaml",
       "items": {
        "type": ["null"]
       },
       "type": ["array"]
      },
      "ingress": {
       "description": "\nJSON schema generated by helm-ls for the chart dependenciesExample using values from the file values.yaml",
       "properties": {
        "annotations": {
         "description": "\nJSON schema generated by helm-ls for the chart dependenciesExample using values from the file values.yaml",
         "type": ["object"]
        },
        "className": {
         "default": "",
         "description": "\nJSON schema generated by helm-ls for the chart dependenciesExample using values from the file values.yaml",
         "type": ["string"]
        },
        "enabled": {
         "default": false,
         "description": "\nJSON schema generated by helm-ls for the chart dependenciesExample using values from the file values.yaml",
         "type": ["boolean"]
        },
        "hosts": {
         "description": "\nJSON schema generated by helm-ls for the chart dependenciesExample using values from the file values.yaml",
         "items": {
          "properties": {
           "host": {
            "default": "chart-example.local",
            "description": "\nJSON schema generated by helm-ls for the chart dependenciesExample using values from the file values.yaml",
            "type": ["string"]
           },
           "paths": {
            "description": "\nJSON schema generated by helm-ls for the chart dependenciesExample using values from the file values.yaml",
            "items": {
             "properties": {
              "path": {
               "default": "/",
               "description": "\nJSON schema generated by helm-ls for the chart dependenciesExample using values from the file values.yaml",
               "type": ["string"]
              },
              "pathType": {
               "default": "ImplementationSpecific",
               "description": "\nJSON schema generated by helm-ls for the chart dependenciesExample using values from the file values.yaml",
               "type": ["string"]
              }
             },
             "type": ["object"]
            },
            "type": ["array"]
           }
          },
          "type": ["object"]
         },
         "type": ["array"]
        },
        "tls": {
         "description": "\nJSON schema generated by helm-ls for the chart dependenciesExample using values from the file values.yaml",
         "items": {
          "type": ["null"]
         },
         "type": ["array"]
        }
       },
       "type": ["object"]
      },
      "livenessProbe": {
       "description": "\nJSON schema generated by helm-ls for the chart dependenciesExample using values from the file values.yaml",
       "properties": {
        "httpGet": {
         "description": "\nJSON schema generated by helm-ls for the chart dependenciesExample using values from the file values.yaml",
         "properties": {
          "path": {
           "default": "/",
           "description": "\nJSON schema generated by helm-ls for the chart dependenciesExample using values from the file values.yaml",
           "type": ["string"]
          },
          "port": {
           "default": "http",
           "description": "\nJSON schema generated by helm-ls for the chart dependenciesExample using values from the file values.yaml",
           "type": ["string"]
          }
         },
         "type": ["object"]
        }
       },
       "type": ["object"]
      },
      "nameOverride": {
       "default": "",
       "description": "\nJSON schema generated by helm-ls for the chart dependenciesExample using values from the file values.yaml",
       "type": ["string"]
      },
      "nodeSelector": {
       "description": "\nJSON schema generated by helm-ls for the chart dependenciesExample using values from the file values.yaml",
       "type": ["object"]
      },
      "podAnnotations": {
       "description": "\nJSON schema generated by helm-ls for the chart dependenciesExample using values from the file values.yaml",
       "type": ["object"]
      },
      "podLabels": {
       "description": "\nJSON schema generated by helm-ls for the chart dependenciesExample using values from the file values.yaml",
       "type": ["object"]
      },
      "podSecurityContext": {
       "description": "\nJSON schema generated by helm-ls for the chart dependenciesExample using values from the file values.yaml",
       "type": ["object"]
      },
      "readinessProbe": {
       "description": "\nJSON schema generated by helm-ls for the chart dependenciesExample using values from the file values.yaml",
       "properties": {
        "httpGet": {
         "description": "\nJSON schema generated by helm-ls for the chart dependenciesExample using values from the file values.yaml",
         "properties": {
          "path": {
           "default": "/",
           "description": "\nJSON schema generated by helm-ls for the chart dependenciesExample using values from the file values.yaml",
           "type": ["string"]
          },
          "port": {
           "default": "http",
           "description": "\nJSON schema generated by helm-ls for the chart dependenciesExample using values from the file values.yaml",
           "type": ["string"]
          }
         },
         "type": ["object"]
        }
       },
       "type": ["object"]
      },
      "replicaCount": {
       "default": 1,
       "description": "\nJSON schema generated by helm-ls for the chart dependenciesExample using values from the file values.yaml",
       "type": ["number"]
      },
      "resources": {
       "description": "\nJSON schema generated by helm-ls for the chart dependenciesExample using values from the file values.yaml",
       "type": ["object"]
      },
      "securityContext": {
       "description": "\nJSON schema generated by helm-ls for the chart dependenciesExample using values from the file values.yaml",
       "type": ["object"]
      },
      "service": {
       "description": "\nJSON schema generated by helm-ls for the chart dependenciesExample using values from the file values.yaml",
       "properties": {
        "port": {
         "default": 80,
         "description": "\nJSON schema generated by helm-ls for the chart dependenciesExample using values from the file values.yaml",
         "type": ["number"]
        },
        "type": {
         "default": "ClusterIP",
         "description": "\nJSON schema generated by helm-ls for the chart dependenciesExample using values from the file values.yaml",
         "type": ["string"]
        }
       },
       "type": ["object"]
      },
      "serviceAccount": {
       "description": "\nJSON schema generated by helm-ls for the chart dependenciesExample using values from the file values.yaml",
       "properties": {
        "annotations": {
         "description": "\nJSON schema generated by helm-ls for the chart dependenciesExample using values from the file values.yaml",
         "type": ["object"]
        },
        "automount": {
         "default": true,
         "description": "\nJSON schema generated by helm-ls for the chart dependenciesExample using values from the file values.yaml",
         "type": ["boolean"]
        },
        "create": {
         "default": true,
         "description": "\nJSON schema generated by helm-ls for the chart dependenciesExample using values from the file values.yaml",
         "type": ["boolean"]
        },
        "name": {
         "default": "",
         "description": "\nJSON schema generated by helm-ls for the chart dependenciesExample using values from the file values.yaml",
         "type": ["string"]
        }
       },
       "type": ["object"]
      },
      "subchartWithoutGlobal": {
       "default": "works",
       "description": "\nJSON schema generated by helm-ls for the chart dependenciesExample using values from the file values.yaml",
       "type": ["string"]
      },
      "subchartexample": {
       "description": "\nJSON schema generated by helm-ls for the chart dependenciesExample using values from the file values.yaml",
       "properties": {
        "fromParent": {
         "default": true,
         "description": "\nJSON schema generated by helm-ls for the chart dependenciesExample using values from the file values.yaml",
         "type": ["boolean"]
        },
        "subchartWithoutGlobal": {
         "default": "worksToo",
         "description": "\nJSON schema generated by helm-ls for the chart dependenciesExample using values from the file values.yaml",
         "type": ["string"]
        }
       },
       "type": ["object"]
      },
      "tolerations": {
       "description": "\nJSON schema generated by helm-ls for the chart dependenciesExample using values from the file values.yaml",
       "items": {
        "type": ["null"]
       },
       "type": ["array"]
      },
      "volumeMounts": {
       "description": "\nJSON schema generated by helm-ls for the chart dependenciesExample using values from the file values.yaml",
       "items": {
        "type": ["null"]
       },
       "type": ["array"]
      },
      "volumes": {
       "description": "\nJSON schema generated by helm-ls for the chart dependenciesExample using values from the file values.yaml",
       "items": {
        "type": ["null"]
       },
       "type": ["array"]
      }
     },
     "type": ["object"]
    },
    {
     "$schema": "https://json-schema.org/draft/2020-12/schema",
     "description": "\nJSON schema generated by helm-ls for the chart dependenciesExample using values from the file values.a.yaml",
     "properties": {
      "fromTheFileA": {
       "default": "hallo",
       "description": "\nJSON schema generated by helm-ls for the chart dependenciesExample using values from the file values.a.yaml",
       "type": ["string"]
      },
      "image": {
       "description": "\nJSON schema generated by helm-ls for the chart dependenciesExample using values from the file values.a.yaml",
       "properties": {
        "tag": {
         "default": "hallo",
         "description": "\nJSON schema generated by helm-ls for the chart dependenciesExample using values from the file values.a.yaml",
         "type": ["string"]
        }
       },
       "type": ["object"]
      },
      "replicaCount": {
       "default": 5,
       "description": "\nJSON schema generated by helm-ls for the chart dependenciesExample using values from the file values.a.yaml",
       "type": ["number"]
      }
     },
     "type": ["object"]
    },
    {
     "$schema": "https://json-schema.org/draft/2020-12/schema",
     "description": "\nJSON schema generated by helm-ls for the chart dependenciesExample using values from the file values.b.yaml",
     "properties": {
      "fromTheFileB": {
       "default": "hi",
       "description": "\nJSON schema generated by helm-ls for the chart dependenciesExample using values from the file values.b.yaml",
       "type": ["string"]
      },
      "fromThefileA": {
       "description": "\nJSON schema generated by helm-ls for the chart dependenciesExample using values from the file values.b.yaml",
       "type": ["null"]
      },
      "image": {
       "description": "\nJSON schema generated by helm-ls for the chart dependenciesExample using values from the file values.b.yaml",
       "type": ["null"]
      },
      "ingress": {
       "description": "\nJSON schema generated by helm-ls for the chart dependenciesExample using values from the file values.b.yaml",
       "properties": {
        "hosts": {
         "description": "\nJSON schema generated by helm-ls for the chart dependenciesExample using values from the file values.b.yaml",
         "items": {
          "properties": {
           "host": {
            "default": "hdsa",
            "description": "\nJSON schema generated by helm-ls for the chart dependenciesExample using values from the file values.b.yaml",
            "type": ["string"]
           },
           "paths": {
            "description": "\nJSON schema generated by helm-ls for the chart dependenciesExample using values from the file values.b.yaml",
            "items": {
             "properties": {
              "path": {
               "default": "hallo",
               "description": "\nJSON schema generated by helm-ls for the chart dependenciesExample using values from the file values.b.yaml",
               "type": ["string"]
              },
              "pathType": {
               "description": "\nJSON schema generated by helm-ls for the chart dependenciesExample using values from the file values.b.yaml",
               "type": ["null"]
              }
             },
             "type": ["object"]
            },
            "type": ["array"]
           }
          },
          "type": ["object"]
         },
         "type": ["array"]
        },
        "wrong": {
         "default": "this",
         "description": "\nJSON schema generated by helm-ls for the chart dependenciesExample using values from the file values.b.yaml",
         "type": ["string"]
        }
       },
       "type": ["object"]
      },
      "replicaCount": {
       "default": 1,
       "description": "\nJSON schema generated by helm-ls for the chart dependenciesExample using values from the file values.b.yaml",
       "type": ["number"]
      },
      "subchartexample": {
       "description": "\nJSON schema generated by helm-ls for the chart dependenciesExample using values from the file values.b.yaml",
       "properties": {
        "fromParentFileB": {
         "default": "hi",
         "description": "\nJSON schema generated by helm-ls for the chart dependenciesExample using values from the file values.b.yaml",
         "type": ["string"]
        }
       },
       "type": ["object"]
      }
     },
     "type": ["object"]
    }
   ]
  },
  "global": {
   "allOf": [
    {
     "$schema": "https://json-schema.org/draft/2020-12/schema",
     "description": "\nJSON schema generated by helm-ls for the chart dependenciesExample using global values from the file values.yaml",
     "properties": {
      "subchart": {
       "default": "works",
       "description": "\nJSON schema generated by helm-ls for the chart dependenciesExample using global values from the file values.yaml",
       "type": ["string"]
      },
      "with.dot": {
       "default": "hi",
       "description": "\nJSON schema generated by helm-ls for the chart dependenciesExample using global values from the file values.yaml",
       "type": ["string"]
      }
     },
     "type": ["object"]
    },
    {
     "$schema": "https://json-schema.org/draft/2020-12/schema",
     "description": "\nJSON schema generated by helm-ls for the chart dependenciesExample using global values from the file values.a.yaml",
     "properties": {
      "globalFromFileA": {
       "default": "hi",
       "description": "\nJSON schema generated by helm-ls for the chart dependenciesExample using global values from the file values.a.yaml",
       "type": ["string"]
      },
      "with.dot": {
       "default": "hi",
       "description": "\nJSON schema generated by helm-ls for the chart dependenciesExample using global values from the file values.a.yaml",
       "type": ["string"]
      }
     },
     "type": ["object"]
    }
   ]
  }
 },
 "$schema": "https://json-schema.org/draft/2020-12/schema",
 "allOf": [
  {
   "$ref": "#/$defs/dependenciesExample"
  },
  {
   "properties": {
    "common": {
     "$ref": "file:///common#/$defs/common"
    }
   }
  },
  {
   "properties": {
    "global": {
     "$ref": "#/$defs/global"
    }
   }
  },
  {
   "properties": {
    "global": {
     "$ref": "file:///subchartexample#/$defs/global"
    }
   }
  },
  {
   "properties": {
    "subchartexample": {
     "$ref": "file:///subchartexample#/$defs/subchartexample"
    }
   }
  }
 ],
 "type": ["object"]
}