{
 "$defs": {
  "global": {
   "allOf": [
    {
     "$schema": "https://json-schema.org/draft/2020-12/schema",
     "description": "global values from the file values.yaml",
     "properties": {
      "globalFromSubchart": {
       "default": "works",
       "description": "global values from the file values.yaml",
       "type": "string"
      },
      "subchart": {
       "default": "works",
       "description": "global values from the file values.yaml",
       "type": "string"
      }
     },
     "type": "object"
    }
   ]
  },
  "subchartexample": {
   "allOf": [
    {
     "$schema": "https://json-schema.org/draft/2020-12/schema",
     "description": "subchartexample values from the file values.yaml",
     "properties": {
      "onlyInSubchartValues": {
       "default": "hi",
       "description": "subchartexample values from the file values.yaml",
       "type": "string"
      },
      "subchartWithoutGlobal": {
       "default": "works",
       "description": "subchartexample values from the file values.yaml",
       "type": "string"
      }
     },
     "type": "object"
    }
   ]
  }
 },
 "$schema": "https://json-schema.org/draft/2020-12/schema",
 "allOf": [
  {
   "$ref": "#/$defs/subchartexample"
  },
  {
   "$ref": "file:///dependenciesExample#/$defs/dependenciesExample/allOf/0/properties/subchartexample"
  },
  {
   "$ref": "file:///dependenciesExample#/$defs/dependenciesExample/allOf/2/properties/subchartexample"
  },
  {
   "properties": {
    "global": {
     "$ref": "file:///dependenciesExample#/$defs/global"
    }
   }
  },
  {
   "properties": {
    "global": {
     "$ref": "#/$defs/global"
    }
   }
  }
 ],
 "type": "object"
}